Component: ARM Compiler 5.06 update 1 (build 61) Tool: armlink [4d35a8]

==============================================================================

Section Cross References

    ssp.o(.text) refers to gpio.o(.text) for GPIOSetDir
    ssp.o(.text) refers to ssp.o(.data) for interruptOverRunStat0
    ssptest.o(.text) refers to system_lpc11xx.o(.text) for SystemCoreClockUpdate
    ssptest.o(.text) refers to ssp.o(.text) for SSP_IOConfig
    ssptest.o(.text) refers to ssptest.o(.bss) for src_addr
    system_lpc11xx.o(.text) refers to system_lpc11xx.o(i.__ARM_common_switch8) for __ARM_common_switch8
    system_lpc11xx.o(.text) refers to uidiv.o(.text) for __aeabi_uidivmod
    system_lpc11xx.o(.text) refers to system_lpc11xx.o(.data) for SystemCoreClock
    startup_lpc11xx.o(RESET) refers to startup_lpc11xx.o(STACK) for __initial_sp
    startup_lpc11xx.o(RESET) refers to startup_lpc11xx.o(.text) for Reset_Handler
    startup_lpc11xx.o(RESET) refers to ssp.o(.text) for SSP1_IRQHandler
    startup_lpc11xx.o(RESET) refers to uart.o(.text) for UART_IRQHandler
    startup_lpc11xx.o(RESET) refers to gpio.o(.text) for PIOINT3_IRQHandler
    startup_lpc11xx.o(.text) refers to system_lpc11xx.o(.text) for SystemInit
    startup_lpc11xx.o(.text) refers to entry.o(.ARM.Collect$$$$00000000) for __main
    gpio.o(.text) refers to gpio.o(.data) for gpio0_counter
    gpio.o(.text) refers to gpio.o(.constdata) for LPC_GPIO
    uart.o(.text) refers to uidiv.o(.text) for __aeabi_uidivmod
    uart.o(.text) refers to uart.o(.data) for UARTStatus
    uart.o(.text) refers to uart.o(.bss) for UARTBuffer
    uart.o(.text) refers to system_lpc11xx.o(.data) for SystemCoreClock
    entry.o(.ARM.Collect$$$$00000000) refers (Special) to entry10a.o(.ARM.Collect$$$$0000000D) for __rt_final_cpp
    entry.o(.ARM.Collect$$$$00000000) refers (Special) to entry11a.o(.ARM.Collect$$$$0000000F) for __rt_final_exit
    entry.o(.ARM.Collect$$$$00000000) refers (Special) to entry7b.o(.ARM.Collect$$$$00000008) for _main_clock
    entry.o(.ARM.Collect$$$$00000000) refers (Special) to entry8b.o(.ARM.Collect$$$$0000000A) for _main_cpp_init
    entry.o(.ARM.Collect$$$$00000000) refers (Special) to entry9a.o(.ARM.Collect$$$$0000000B) for _main_init
    entry.o(.ARM.Collect$$$$00000000) refers (Special) to entry5.o(.ARM.Collect$$$$00000004) for _main_scatterload
    entry.o(.ARM.Collect$$$$00000000) refers (Special) to entry2.o(.ARM.Collect$$$$00000001) for _main_stk
    entry2.o(.ARM.Collect$$$$00000001) refers to entry2.o(.ARM.Collect$$$$00002712) for __lit__00000000
    entry2.o(.ARM.Collect$$$$00002712) refers to startup_lpc11xx.o(STACK) for __initial_sp
    entry2.o(__vectab_stack_and_reset_area) refers to startup_lpc11xx.o(STACK) for __initial_sp
    entry2.o(__vectab_stack_and_reset_area) refers to entry.o(.ARM.Collect$$$$00000000) for __main
    entry5.o(.ARM.Collect$$$$00000004) refers to init.o(.text) for __scatterload
    entry9a.o(.ARM.Collect$$$$0000000B) refers to ssptest.o(.text) for main
    entry9b.o(.ARM.Collect$$$$0000000C) refers to ssptest.o(.text) for main
    init.o(.text) refers to entry5.o(.ARM.Collect$$$$00000004) for __main_after_scatterload


==============================================================================

Removing Unused input sections from the image.

    Removing ssp.o(.constdata), (16 bytes).
    Removing ssptest.o(.constdata), (16 bytes).
    Removing startup_lpc11xx.o(HEAP), (0 bytes).

3 unused section(s) (total 32 bytes) removed from the image.

==============================================================================

Image Symbol Table

    Local Symbols

    Symbol Name                              Value     Ov Type        Size  Object(Section)

    RESET                                    0x00000000   Section      192  startup_lpc11xx.o(RESET)
    ../clib/microlib/division.c              0x00000000   Number         0  uidiv.o ABSOLUTE
    ../clib/microlib/init/entry.s            0x00000000   Number         0  entry8b.o ABSOLUTE
    ../clib/microlib/init/entry.s            0x00000000   Number         0  entry8a.o ABSOLUTE
    ../clib/microlib/init/entry.s            0x00000000   Number         0  entry5.o ABSOLUTE
    ../clib/microlib/init/entry.s            0x00000000   Number         0  entry7b.o ABSOLUTE
    ../clib/microlib/init/entry.s            0x00000000   Number         0  entry7a.o ABSOLUTE
    ../clib/microlib/init/entry.s            0x00000000   Number         0  entry2.o ABSOLUTE
    ../clib/microlib/init/entry.s            0x00000000   Number         0  entry.o ABSOLUTE
    ../clib/microlib/init/entry.s            0x00000000   Number         0  entry11b.o ABSOLUTE
    ../clib/microlib/init/entry.s            0x00000000   Number         0  entry11a.o ABSOLUTE
    ../clib/microlib/init/entry.s            0x00000000   Number         0  entry10b.o ABSOLUTE
    ../clib/microlib/init/entry.s            0x00000000   Number         0  entry10a.o ABSOLUTE
    ../clib/microlib/init/entry.s            0x00000000   Number         0  entry9b.o ABSOLUTE
    ../clib/microlib/init/entry.s            0x00000000   Number         0  entry9a.o ABSOLUTE
    ..\Common\src\core_cm0.c                 0x00000000   Number         0  core_cm0.o ABSOLUTE
    ..\Common\src\gpio.c                     0x00000000   Number         0  gpio.o ABSOLUTE
    ..\Common\src\startup_LPC11xx.s          0x00000000   Number         0  startup_lpc11xx.o ABSOLUTE
    ..\Common\src\system_LPC11xx.c           0x00000000   Number         0  system_lpc11xx.o ABSOLUTE
    ..\Common\src\uart.c                     0x00000000   Number         0  uart.o ABSOLUTE
    dc.s                                     0x00000000   Number         0  dc.o ABSOLUTE
    handlers.s                               0x00000000   Number         0  handlers.o ABSOLUTE
    init.s                                   0x00000000   Number         0  init.o ABSOLUTE
    ssp.c                                    0x00000000   Number         0  ssp.o ABSOLUTE
    ssptest.c                                0x00000000   Number         0  ssptest.o ABSOLUTE
    .ARM.Collect$$$$00000000                 0x000000c0   Section        0  entry.o(.ARM.Collect$$$$00000000)
    .ARM.Collect$$$$00000001                 0x000000c0   Section        4  entry2.o(.ARM.Collect$$$$00000001)
    .ARM.Collect$$$$00000004                 0x000000c4   Section        4  entry5.o(.ARM.Collect$$$$00000004)
    .ARM.Collect$$$$00000008                 0x000000c8   Section        0  entry7b.o(.ARM.Collect$$$$00000008)
    .ARM.Collect$$$$0000000A                 0x000000c8   Section        0  entry8b.o(.ARM.Collect$$$$0000000A)
    .ARM.Collect$$$$0000000B                 0x000000c8   Section        8  entry9a.o(.ARM.Collect$$$$0000000B)
    .ARM.Collect$$$$0000000D                 0x000000d0   Section        0  entry10a.o(.ARM.Collect$$$$0000000D)
    .ARM.Collect$$$$0000000F                 0x000000d0   Section        0  entry11a.o(.ARM.Collect$$$$0000000F)
    .ARM.Collect$$$$00002712                 0x000000d0   Section        4  entry2.o(.ARM.Collect$$$$00002712)
    __lit__00000000                          0x000000d0   Data           4  entry2.o(.ARM.Collect$$$$00002712)
    .text                                    0x000000d4   Section        0  ssptest.o(.text)
    .text                                    0x0000010c   Section       28  startup_lpc11xx.o(.text)
    .text                                    0x00000128   Section        0  uidiv.o(.text)
    .text                                    0x00000154   Section       36  init.o(.text)
    i.__ARM_common_switch8                   0x00000178   Section        0  system_lpc11xx.o(i.__ARM_common_switch8)
    i.__scatterload_copy                     0x00000194   Section       14  handlers.o(i.__scatterload_copy)
    i.__scatterload_null                     0x000001a2   Section        2  handlers.o(i.__scatterload_null)
    i.__scatterload_zeroinit                 0x000001a4   Section       14  handlers.o(i.__scatterload_zeroinit)
    .constdata                               0x000001b4   Section       16  gpio.o(.constdata)
    LPC_GPIO                                 0x000001b4   Data          16  gpio.o(.constdata)
    .ARM.__at_0x02FC                         0x000002fc   Section        4  startup_lpc11xx.o(.ARM.__at_0x02FC)
    .text                                    0x00000300   Section        0  ssp.o(.text)
    NVIC_EnableIRQ                           0x000005f1   Thumb Code    14  ssp.o(.text)
    .text                                    0x00000630   Section        0  system_lpc11xx.o(.text)
    .text                                    0x00000874   Section        0  gpio.o(.text)
    NVIC_EnableIRQ                           0x00000d71   Thumb Code    14  gpio.o(.text)
    .text                                    0x00000d94   Section        0  uart.o(.text)
    .data                                    0x10000000   Section       24  ssp.o(.data)
    .data                                    0x10000018   Section        4  system_lpc11xx.o(.data)
    .data                                    0x1000001c   Section       32  gpio.o(.data)
    .data                                    0x1000003c   Section       12  uart.o(.data)
    .bss                                     0x10000048   Section       32  ssptest.o(.bss)
    .bss                                     0x10000068   Section       64  uart.o(.bss)
    STACK                                    0x100000a8   Section      512  startup_lpc11xx.o(STACK)

    Global Symbols

    Symbol Name                              Value     Ov Type        Size  Object(Section)

    BuildAttributes$$THM_ISAv3M$S$PE$A:L22$X:L11$S22$IEEE1$IW$USESV6$~STKCKD$USESV7$~SHL$OSPACE$EBA8$MICROLIB$REQ8$PRES8$EABIv2 0x00000000   Number         0  anon$$obj.o ABSOLUTE
    __ARM_use_no_argv                        0x00000000   Number         0  ssptest.o ABSOLUTE
    __Vectors                                0x00000000   Data           4  startup_lpc11xx.o(RESET)
    __cpp_initialize__aeabi_                  - Undefined Weak Reference
    __cxa_finalize                            - Undefined Weak Reference
    __decompress                              - Undefined Weak Reference
    _clock_init                               - Undefined Weak Reference
    _microlib_exit                            - Undefined Weak Reference
    __main                                   0x000000c1   Thumb Code     0  entry.o(.ARM.Collect$$$$00000000)
    _main_stk                                0x000000c1   Thumb Code     0  entry2.o(.ARM.Collect$$$$00000001)
    _main_scatterload                        0x000000c5   Thumb Code     0  entry5.o(.ARM.Collect$$$$00000004)
    __main_after_scatterload                 0x000000c9   Thumb Code     0  entry5.o(.ARM.Collect$$$$00000004)
    _main_clock                              0x000000c9   Thumb Code     0  entry7b.o(.ARM.Collect$$$$00000008)
    _main_cpp_init                           0x000000c9   Thumb Code     0  entry8b.o(.ARM.Collect$$$$0000000A)
    _main_init                               0x000000c9   Thumb Code     0  entry9a.o(.ARM.Collect$$$$0000000B)
    __rt_final_cpp                           0x000000d1   Thumb Code     0  entry10a.o(.ARM.Collect$$$$0000000D)
    __rt_final_exit                          0x000000d1   Thumb Code     0  entry11a.o(.ARM.Collect$$$$0000000F)
    main                                     0x000000d5   Thumb Code    50  ssptest.o(.text)
    Reset_Handler                            0x0000010d   Thumb Code     8  startup_lpc11xx.o(.text)
    NMI_Handler                              0x00000115   Thumb Code     2  startup_lpc11xx.o(.text)
    HardFault_Handler                        0x00000117   Thumb Code     2  startup_lpc11xx.o(.text)
    SVC_Handler                              0x00000119   Thumb Code     2  startup_lpc11xx.o(.text)
    PendSV_Handler                           0x0000011b   Thumb Code     2  startup_lpc11xx.o(.text)
    SysTick_Handler                          0x0000011d   Thumb Code     2  startup_lpc11xx.o(.text)
    ADC_IRQHandler                           0x0000011f   Thumb Code     0  startup_lpc11xx.o(.text)
    BOD_IRQHandler                           0x0000011f   Thumb Code     0  startup_lpc11xx.o(.text)
    CAN_IRQHandler                           0x0000011f   Thumb Code     0  startup_lpc11xx.o(.text)
    FMC_IRQHandler                           0x0000011f   Thumb Code     0  startup_lpc11xx.o(.text)
    I2C_IRQHandler                           0x0000011f   Thumb Code     0  startup_lpc11xx.o(.text)
    TIMER16_0_IRQHandler                     0x0000011f   Thumb Code     0  startup_lpc11xx.o(.text)
    TIMER16_1_IRQHandler                     0x0000011f   Thumb Code     0  startup_lpc11xx.o(.text)
    TIMER32_0_IRQHandler                     0x0000011f   Thumb Code     0  startup_lpc11xx.o(.text)
    TIMER32_1_IRQHandler                     0x0000011f   Thumb Code     0  startup_lpc11xx.o(.text)
    USB_FIQHandler                           0x0000011f   Thumb Code     0  startup_lpc11xx.o(.text)
    USB_IRQHandler                           0x0000011f   Thumb Code     0  startup_lpc11xx.o(.text)
    WAKEUP_IRQHandler                        0x0000011f   Thumb Code     0  startup_lpc11xx.o(.text)
    WDT_IRQHandler                           0x0000011f   Thumb Code     0  startup_lpc11xx.o(.text)
    __aeabi_uidiv                            0x00000129   Thumb Code     0  uidiv.o(.text)
    __aeabi_uidivmod                         0x00000129   Thumb Code    44  uidiv.o(.text)
    __scatterload                            0x00000155   Thumb Code    28  init.o(.text)
    __scatterload_rt2                        0x00000155   Thumb Code     0  init.o(.text)
    __ARM_common_switch8                     0x00000179   Thumb Code    28  system_lpc11xx.o(i.__ARM_common_switch8)
    __scatterload_copy                       0x00000195   Thumb Code    14  handlers.o(i.__scatterload_copy)
    __scatterload_null                       0x000001a3   Thumb Code     2  handlers.o(i.__scatterload_null)
    __scatterload_zeroinit                   0x000001a5   Thumb Code    14  handlers.o(i.__scatterload_zeroinit)
    Region$$Table$$Base                      0x000001c4   Number         0  anon$$obj.o(Region$$Table)
    Region$$Table$$Limit                     0x000001d4   Number         0  anon$$obj.o(Region$$Table)
    SSP0_IRQHandler                          0x00000301   Thumb Code    72  ssp.o(.text)
    SSP1_IRQHandler                          0x00000349   Thumb Code    72  ssp.o(.text)
    SSP_IOConfig                             0x00000391   Thumb Code   324  ssp.o(.text)
    SSP_Init                                 0x000004d5   Thumb Code   102  ssp.o(.text)
    SSP_Send                                 0x0000053b   Thumb Code   106  ssp.o(.text)
    SSP_Receive                              0x000005a5   Thumb Code    76  ssp.o(.text)
    SystemCoreClockUpdate                    0x00000631   Thumb Code   368  system_lpc11xx.o(.text)
    SystemInit                               0x000007a1   Thumb Code   136  system_lpc11xx.o(.text)
    GPIOIntClear                             0x00000875   Thumb Code    88  gpio.o(.text)
    GPIOIntStatus                            0x000008cd   Thumb Code   102  gpio.o(.text)
    PIOINT0_IRQHandler                       0x00000933   Thumb Code    46  gpio.o(.text)
    PIOINT1_IRQHandler                       0x00000961   Thumb Code    46  gpio.o(.text)
    PIOINT2_IRQHandler                       0x0000098f   Thumb Code    46  gpio.o(.text)
    PIOINT3_IRQHandler                       0x000009bd   Thumb Code    46  gpio.o(.text)
    GPIOInit                                 0x000009eb   Thumb Code    64  gpio.o(.text)
    GPIOSetInterrupt                         0x00000a2b   Thumb Code   446  gpio.o(.text)
    GPIOIntEnable                            0x00000be9   Thumb Code    88  gpio.o(.text)
    GPIOIntDisable                           0x00000c41   Thumb Code   146  gpio.o(.text)
    GPIOGetValue                             0x00000cd3   Thumb Code    58  gpio.o(.text)
    GPIOSetValue                             0x00000d0d   Thumb Code    22  gpio.o(.text)
    GPIOSetDir                               0x00000d23   Thumb Code    78  gpio.o(.text)
    UART_IRQHandler                          0x00000d95   Thumb Code   186  uart.o(.text)
    uart_set_divisors                        0x00000e4f   Thumb Code   234  uart.o(.text)
    UARTInit                                 0x00000f39   Thumb Code   206  uart.o(.text)
    UARTSend                                 0x00001007   Thumb Code    32  uart.o(.text)
    interruptRxStat0                         0x10000000   Data           4  ssp.o(.data)
    interruptOverRunStat0                    0x10000004   Data           4  ssp.o(.data)
    interruptRxTimeoutStat0                  0x10000008   Data           4  ssp.o(.data)
    interruptRxStat1                         0x1000000c   Data           4  ssp.o(.data)
    interruptOverRunStat1                    0x10000010   Data           4  ssp.o(.data)
    interruptRxTimeoutStat1                  0x10000014   Data           4  ssp.o(.data)
    SystemCoreClock                          0x10000018   Data           4  system_lpc11xx.o(.data)
    gpio0_counter                            0x1000001c   Data           4  gpio.o(.data)
    gpio1_counter                            0x10000020   Data           4  gpio.o(.data)
    gpio2_counter                            0x10000024   Data           4  gpio.o(.data)
    gpio3_counter                            0x10000028   Data           4  gpio.o(.data)
    p0_1_counter                             0x1000002c   Data           4  gpio.o(.data)
    p1_1_counter                             0x10000030   Data           4  gpio.o(.data)
    p2_1_counter                             0x10000034   Data           4  gpio.o(.data)
    p3_1_counter                             0x10000038   Data           4  gpio.o(.data)
    UARTStatus                               0x1000003c   Data           4  uart.o(.data)
    UARTTxEmpty                              0x10000040   Data           1  uart.o(.data)
    UARTCount                                0x10000044   Data           4  uart.o(.data)
    src_addr                                 0x10000048   Data          16  ssptest.o(.bss)
    dest_addr                                0x10000058   Data          16  ssptest.o(.bss)
    UARTBuffer                               0x10000068   Data          64  uart.o(.bss)
    __initial_sp                             0x100002a8   Data           0  startup_lpc11xx.o(STACK)



==============================================================================

Memory Map of the image

  Image Entry point : 0x000000c1

  Load Region LR_IROM1 (Base: 0x00000000, Size: 0x00001098, Max: 0x00008000, ABSOLUTE)

    Execution Region ER_IROM1 (Base: 0x00000000, Size: 0x00001050, Max: 0x00008000, ABSOLUTE)

    Base Addr    Size         Type   Attr      Idx    E Section Name        Object

    0x00000000   0x000000c0   Data   RO           88    RESET               startup_lpc11xx.o
    0x000000c0   0x00000000   Code   RO          135  * .ARM.Collect$$$$00000000  mc_p.l(entry.o)
    0x000000c0   0x00000004   Code   RO          140    .ARM.Collect$$$$00000001  mc_p.l(entry2.o)
    0x000000c4   0x00000004   Code   RO          143    .ARM.Collect$$$$00000004  mc_p.l(entry5.o)
    0x000000c8   0x00000000   Code   RO          145    .ARM.Collect$$$$00000008  mc_p.l(entry7b.o)
    0x000000c8   0x00000000   Code   RO          147    .ARM.Collect$$$$0000000A  mc_p.l(entry8b.o)
    0x000000c8   0x00000008   Code   RO          148    .ARM.Collect$$$$0000000B  mc_p.l(entry9a.o)
    0x000000d0   0x00000000   Code   RO          150    .ARM.Collect$$$$0000000D  mc_p.l(entry10a.o)
    0x000000d0   0x00000000   Code   RO          152    .ARM.Collect$$$$0000000F  mc_p.l(entry11a.o)
    0x000000d0   0x00000004   Code   RO          141    .ARM.Collect$$$$00002712  mc_p.l(entry2.o)
    0x000000d4   0x00000038   Code   RO           38    .text               ssptest.o
    0x0000010c   0x0000001c   Code   RO           90    .text               startup_lpc11xx.o
    0x00000128   0x0000002c   Code   RO          138    .text               mc_p.l(uidiv.o)
    0x00000154   0x00000024   Code   RO          154    .text               mc_p.l(init.o)
    0x00000178   0x0000001c   Code   RO           78    i.__ARM_common_switch8  system_lpc11xx.o
    0x00000194   0x0000000e   Code   RO          158    i.__scatterload_copy  mc_p.l(handlers.o)
    0x000001a2   0x00000002   Code   RO          159    i.__scatterload_null  mc_p.l(handlers.o)
    0x000001a4   0x0000000e   Code   RO          160    i.__scatterload_zeroinit  mc_p.l(handlers.o)
    0x000001b2   0x00000002   PAD
    0x000001b4   0x00000010   Data   RO           98    .constdata          gpio.o
    0x000001c4   0x00000010   Data   RO          156    Region$$Table       anon$$obj.o
    0x000001d4   0x00000128   PAD
    0x000002fc   0x00000004   Code   RO           89    .ARM.__at_0x02FC    startup_lpc11xx.o
    0x00000300   0x00000330   Code   RO            1    .text               ssp.o
    0x00000630   0x00000244   Code   RO           66    .text               system_lpc11xx.o
    0x00000874   0x00000520   Code   RO           97    .text               gpio.o
    0x00000d94   0x000002bc   Code   RO          113    .text               uart.o


    Execution Region RW_IRAM1 (Base: 0x10000000, Size: 0x000002a8, Max: 0x00002000, ABSOLUTE, UNINIT)

    Base Addr    Size         Type   Attr      Idx    E Section Name        Object

    0x10000000   0x00000018   Data   RW            3    .data               ssp.o
    0x10000018   0x00000004   Data   RW           67    .data               system_lpc11xx.o
    0x1000001c   0x00000020   Data   RW           99    .data               gpio.o
    0x1000003c   0x0000000c   Data   RW          115    .data               uart.o
    0x10000048   0x00000020   Zero   RW           39    .bss                ssptest.o
    0x10000068   0x00000040   Zero   RW          114    .bss                uart.o
    0x100000a8   0x00000200   Zero   RW           86    STACK               startup_lpc11xx.o


==============================================================================

Image component sizes


      Code (inc. data)   RO Data    RW Data    ZI Data      Debug   Object Name

      1312         80         16         32          0       4339   gpio.o
       816         50          0         24          0      17969   ssp.o
        56          6          0          0         32        972   ssptest.o
        32         12        192          0        512        820   startup_lpc11xx.o
       608         94          0          4          0       2229   system_lpc11xx.o
       700         42          0         12         64       5648   uart.o

    ----------------------------------------------------------------------
      3524        284        520         72        608      31977   Object Totals
         0          0         16          0          0          0   (incl. Generated)
         0          0        296          0          0          0   (incl. Padding)

    ----------------------------------------------------------------------

      Code (inc. data)   RO Data    RW Data    ZI Data      Debug   Library Member Name

         0          0          0          0          0          0   entry.o
         0          0          0          0          0          0   entry10a.o
         0          0          0          0          0          0   entry11a.o
         8          4          0          0          0          0   entry2.o
         4          0          0          0          0          0   entry5.o
         0          0          0          0          0          0   entry7b.o
         0          0          0          0          0          0   entry8b.o
         8          4          0          0          0          0   entry9a.o
        30          0          0          0          0          0   handlers.o
        36          8          0          0          0         68   init.o
        44          0          0          0          0         72   uidiv.o

    ----------------------------------------------------------------------
       132         16          0          0          0        140   Library Totals
         2          0          0          0          0          0   (incl. Padding)

    ----------------------------------------------------------------------

      Code (inc. data)   RO Data    RW Data    ZI Data      Debug   Library Name

       130         16          0          0          0        140   mc_p.l

    ----------------------------------------------------------------------
       132         16          0          0          0        140   Library Totals

    ----------------------------------------------------------------------

==============================================================================


      Code (inc. data)   RO Data    RW Data    ZI Data      Debug   

      3656        300        520         72        608      32049   Grand Totals
      3656        300        520         72        608      32049   ELF Image Totals
      3656        300        520         72          0          0   ROM Totals

==============================================================================

    Total RO  Size (Code + RO Data)                 4176 (   4.08kB)
    Total RW  Size (RW Data + ZI Data)               680 (   0.66kB)
    Total ROM Size (Code + RO Data + RW Data)       4248 (   4.15kB)

==============================================================================

