Component: ARM Compiler 5.06 update 1 (build 61) Tool: armlink [4d35a8]

==============================================================================

Section Cross References

    i2c.o(.text) refers to i2c.o(i.__ARM_common_switch8) for __ARM_common_switch8
    i2c.o(.text) refers to i2c.o(.data) for timeout
    i2c.o(.text) refers to i2c.o(.bss) for I2CMasterBuffer
    i2ctest.o(.text) refers to system_lpc11xx.o(.text) for SystemCoreClockUpdate
    i2ctest.o(.text) refers to gpio.o(.text) for Initialise_GPIO
    i2ctest.o(.text) refers to i2c.o(.text) for I2CInit
    i2ctest.o(.text) refers to i2c.o(.data) for I2CWriteLength
    i2ctest.o(.text) refers to i2c.o(.bss) for I2CMasterBuffer
    gpio.o(.text) refers to i2c.o(i.__ARM_common_switch8) for __ARM_common_switch8
    system_lpc11xx.o(.text) refers to i2c.o(i.__ARM_common_switch8) for __ARM_common_switch8
    system_lpc11xx.o(.text) refers to uidiv.o(.text) for __aeabi_uidivmod
    system_lpc11xx.o(.text) refers to system_lpc11xx.o(.data) for SystemCoreClock
    startup_lpc11xx.o(RESET) refers to startup_lpc11xx.o(STACK) for __initial_sp
    startup_lpc11xx.o(RESET) refers to startup_lpc11xx.o(.text) for Reset_Handler
    startup_lpc11xx.o(RESET) refers to i2c.o(.text) for I2C_IRQHandler
    startup_lpc11xx.o(.text) refers to system_lpc11xx.o(.text) for SystemInit
    startup_lpc11xx.o(.text) refers to entry.o(.ARM.Collect$$$$00000000) for __main
    entry.o(.ARM.Collect$$$$00000000) refers (Special) to entry10a.o(.ARM.Collect$$$$0000000D) for __rt_final_cpp
    entry.o(.ARM.Collect$$$$00000000) refers (Special) to entry11a.o(.ARM.Collect$$$$0000000F) for __rt_final_exit
    entry.o(.ARM.Collect$$$$00000000) refers (Special) to entry7b.o(.ARM.Collect$$$$00000008) for _main_clock
    entry.o(.ARM.Collect$$$$00000000) refers (Special) to entry8b.o(.ARM.Collect$$$$0000000A) for _main_cpp_init
    entry.o(.ARM.Collect$$$$00000000) refers (Special) to entry9a.o(.ARM.Collect$$$$0000000B) for _main_init
    entry.o(.ARM.Collect$$$$00000000) refers (Special) to entry5.o(.ARM.Collect$$$$00000004) for _main_scatterload
    entry.o(.ARM.Collect$$$$00000000) refers (Special) to entry2.o(.ARM.Collect$$$$00000001) for _main_stk
    entry2.o(.ARM.Collect$$$$00000001) refers to entry2.o(.ARM.Collect$$$$00002712) for __lit__00000000
    entry2.o(.ARM.Collect$$$$00002712) refers to startup_lpc11xx.o(STACK) for __initial_sp
    entry2.o(__vectab_stack_and_reset_area) refers to startup_lpc11xx.o(STACK) for __initial_sp
    entry2.o(__vectab_stack_and_reset_area) refers to entry.o(.ARM.Collect$$$$00000000) for __main
    entry5.o(.ARM.Collect$$$$00000004) refers to init.o(.text) for __scatterload
    entry9a.o(.ARM.Collect$$$$0000000B) refers to i2ctest.o(.text) for main
    entry9b.o(.ARM.Collect$$$$0000000C) refers to i2ctest.o(.text) for main
    init.o(.text) refers to entry5.o(.ARM.Collect$$$$00000004) for __main_after_scatterload


==============================================================================

Removing Unused input sections from the image.

    Removing startup_lpc11xx.o(HEAP), (0 bytes).

1 unused section(s) (total 0 bytes) removed from the image.

==============================================================================

Image Symbol Table

    Local Symbols

    Symbol Name                              Value     Ov Type        Size  Object(Section)

    RESET                                    0x00000000   Section      192  startup_lpc11xx.o(RESET)
    ../clib/microlib/division.c              0x00000000   Number         0  uidiv.o ABSOLUTE
    ../clib/microlib/init/entry.s            0x00000000   Number         0  entry11a.o ABSOLUTE
    ../clib/microlib/init/entry.s            0x00000000   Number         0  entry10b.o ABSOLUTE
    ../clib/microlib/init/entry.s            0x00000000   Number         0  entry10a.o ABSOLUTE
    ../clib/microlib/init/entry.s            0x00000000   Number         0  entry9b.o ABSOLUTE
    ../clib/microlib/init/entry.s            0x00000000   Number         0  entry11b.o ABSOLUTE
    ../clib/microlib/init/entry.s            0x00000000   Number         0  entry9a.o ABSOLUTE
    ../clib/microlib/init/entry.s            0x00000000   Number         0  entry8b.o ABSOLUTE
    ../clib/microlib/init/entry.s            0x00000000   Number         0  entry8a.o ABSOLUTE
    ../clib/microlib/init/entry.s            0x00000000   Number         0  entry7b.o ABSOLUTE
    ../clib/microlib/init/entry.s            0x00000000   Number         0  entry7a.o ABSOLUTE
    ../clib/microlib/init/entry.s            0x00000000   Number         0  entry.o ABSOLUTE
    ../clib/microlib/init/entry.s            0x00000000   Number         0  entry5.o ABSOLUTE
    ../clib/microlib/init/entry.s            0x00000000   Number         0  entry2.o ABSOLUTE
    ..\Common\src\core_cm0.c                 0x00000000   Number         0  core_cm0.o ABSOLUTE
    ..\Common\src\startup_LPC11xx.s          0x00000000   Number         0  startup_lpc11xx.o ABSOLUTE
    ..\Common\src\system_LPC11xx.c           0x00000000   Number         0  system_lpc11xx.o ABSOLUTE
    GPIO.c                                   0x00000000   Number         0  gpio.o ABSOLUTE
    dc.s                                     0x00000000   Number         0  dc.o ABSOLUTE
    handlers.s                               0x00000000   Number         0  handlers.o ABSOLUTE
    i2c.c                                    0x00000000   Number         0  i2c.o ABSOLUTE
    i2ctest.c                                0x00000000   Number         0  i2ctest.o ABSOLUTE
    init.s                                   0x00000000   Number         0  init.o ABSOLUTE
    .ARM.Collect$$$$00000000                 0x000000c0   Section        0  entry.o(.ARM.Collect$$$$00000000)
    .ARM.Collect$$$$00000001                 0x000000c0   Section        4  entry2.o(.ARM.Collect$$$$00000001)
    .ARM.Collect$$$$00000004                 0x000000c4   Section        4  entry5.o(.ARM.Collect$$$$00000004)
    .ARM.Collect$$$$00000008                 0x000000c8   Section        0  entry7b.o(.ARM.Collect$$$$00000008)
    .ARM.Collect$$$$0000000A                 0x000000c8   Section        0  entry8b.o(.ARM.Collect$$$$0000000A)
    .ARM.Collect$$$$0000000B                 0x000000c8   Section        8  entry9a.o(.ARM.Collect$$$$0000000B)
    .ARM.Collect$$$$0000000D                 0x000000d0   Section        0  entry10a.o(.ARM.Collect$$$$0000000D)
    .ARM.Collect$$$$0000000F                 0x000000d0   Section        0  entry11a.o(.ARM.Collect$$$$0000000F)
    .ARM.Collect$$$$00002712                 0x000000d0   Section        4  entry2.o(.ARM.Collect$$$$00002712)
    __lit__00000000                          0x000000d0   Data           4  entry2.o(.ARM.Collect$$$$00002712)
    .text                                    0x000000d4   Section        0  i2ctest.o(.text)
    .text                                    0x00000154   Section        0  gpio.o(.text)
    .text                                    0x000002d0   Section       28  startup_lpc11xx.o(.text)
    i.__scatterload_copy                     0x000002ec   Section       14  handlers.o(i.__scatterload_copy)
    i.__scatterload_null                     0x000002fa   Section        2  handlers.o(i.__scatterload_null)
    .ARM.__at_0x02FC                         0x000002fc   Section        4  startup_lpc11xx.o(.ARM.__at_0x02FC)
    .text                                    0x00000300   Section        0  i2c.o(.text)
    .text                                    0x000005e8   Section        0  system_lpc11xx.o(.text)
    .text                                    0x0000082c   Section        0  uidiv.o(.text)
    .text                                    0x00000858   Section       36  init.o(.text)
    i.__ARM_common_switch8                   0x0000087c   Section        0  i2c.o(i.__ARM_common_switch8)
    i.__scatterload_zeroinit                 0x00000898   Section       14  handlers.o(i.__scatterload_zeroinit)
    .data                                    0x10000000   Section       32  i2c.o(.data)
    .data                                    0x10000020   Section        4  system_lpc11xx.o(.data)
    .bss                                     0x10000024   Section      128  i2c.o(.bss)
    STACK                                    0x100000a8   Section      512  startup_lpc11xx.o(STACK)

    Global Symbols

    Symbol Name                              Value     Ov Type        Size  Object(Section)

    BuildAttributes$$THM_ISAv3M$S$PE$A:L22$X:L11$S22$IEEE1$IW$USESV6$~STKCKD$USESV7$~SHL$OSPACE$EBA8$MICROLIB$REQ8$PRES8$EABIv2 0x00000000   Number         0  anon$$obj.o ABSOLUTE
    __ARM_use_no_argv                        0x00000000   Number         0  i2ctest.o ABSOLUTE
    __Vectors                                0x00000000   Data           4  startup_lpc11xx.o(RESET)
    __cpp_initialize__aeabi_                  - Undefined Weak Reference
    __cxa_finalize                            - Undefined Weak Reference
    __decompress                              - Undefined Weak Reference
    _clock_init                               - Undefined Weak Reference
    _microlib_exit                            - Undefined Weak Reference
    __main                                   0x000000c1   Thumb Code     0  entry.o(.ARM.Collect$$$$00000000)
    _main_stk                                0x000000c1   Thumb Code     0  entry2.o(.ARM.Collect$$$$00000001)
    _main_scatterload                        0x000000c5   Thumb Code     0  entry5.o(.ARM.Collect$$$$00000004)
    __main_after_scatterload                 0x000000c9   Thumb Code     0  entry5.o(.ARM.Collect$$$$00000004)
    _main_clock                              0x000000c9   Thumb Code     0  entry7b.o(.ARM.Collect$$$$00000008)
    _main_cpp_init                           0x000000c9   Thumb Code     0  entry8b.o(.ARM.Collect$$$$0000000A)
    _main_init                               0x000000c9   Thumb Code     0  entry9a.o(.ARM.Collect$$$$0000000B)
    __rt_final_cpp                           0x000000d1   Thumb Code     0  entry10a.o(.ARM.Collect$$$$0000000D)
    __rt_final_exit                          0x000000d1   Thumb Code     0  entry11a.o(.ARM.Collect$$$$0000000F)
    main                                     0x000000d5   Thumb Code   116  i2ctest.o(.text)
    Initialise_GPIO                          0x00000155   Thumb Code    44  gpio.o(.text)
    Valeur_BP4                               0x00000181   Thumb Code    20  gpio.o(.text)
    Valeur_BP5                               0x00000195   Thumb Code    20  gpio.o(.text)
    Allumer_1LED                             0x000001a9   Thumb Code   134  gpio.o(.text)
    Eteindre_1LED                            0x0000022f   Thumb Code   134  gpio.o(.text)
    Ecriture_GPIO                            0x000002b5   Thumb Code     6  gpio.o(.text)
    Reset_Handler                            0x000002d1   Thumb Code     8  startup_lpc11xx.o(.text)
    NMI_Handler                              0x000002d9   Thumb Code     2  startup_lpc11xx.o(.text)
    HardFault_Handler                        0x000002db   Thumb Code     2  startup_lpc11xx.o(.text)
    SVC_Handler                              0x000002dd   Thumb Code     2  startup_lpc11xx.o(.text)
    PendSV_Handler                           0x000002df   Thumb Code     2  startup_lpc11xx.o(.text)
    SysTick_Handler                          0x000002e1   Thumb Code     2  startup_lpc11xx.o(.text)
    ADC_IRQHandler                           0x000002e3   Thumb Code     0  startup_lpc11xx.o(.text)
    BOD_IRQHandler                           0x000002e3   Thumb Code     0  startup_lpc11xx.o(.text)
    CAN_IRQHandler                           0x000002e3   Thumb Code     0  startup_lpc11xx.o(.text)
    FMC_IRQHandler                           0x000002e3   Thumb Code     0  startup_lpc11xx.o(.text)
    PIOINT0_IRQHandler                       0x000002e3   Thumb Code     0  startup_lpc11xx.o(.text)
    PIOINT1_IRQHandler                       0x000002e3   Thumb Code     0  startup_lpc11xx.o(.text)
    PIOINT2_IRQHandler                       0x000002e3   Thumb Code     0  startup_lpc11xx.o(.text)
    PIOINT3_IRQHandler                       0x000002e3   Thumb Code     0  startup_lpc11xx.o(.text)
    SSP0_IRQHandler                          0x000002e3   Thumb Code     0  startup_lpc11xx.o(.text)
    SSP1_IRQHandler                          0x000002e3   Thumb Code     0  startup_lpc11xx.o(.text)
    TIMER16_0_IRQHandler                     0x000002e3   Thumb Code     0  startup_lpc11xx.o(.text)
    TIMER16_1_IRQHandler                     0x000002e3   Thumb Code     0  startup_lpc11xx.o(.text)
    TIMER32_0_IRQHandler                     0x000002e3   Thumb Code     0  startup_lpc11xx.o(.text)
    TIMER32_1_IRQHandler                     0x000002e3   Thumb Code     0  startup_lpc11xx.o(.text)
    UART_IRQHandler                          0x000002e3   Thumb Code     0  startup_lpc11xx.o(.text)
    USB_FIQHandler                           0x000002e3   Thumb Code     0  startup_lpc11xx.o(.text)
    USB_IRQHandler                           0x000002e3   Thumb Code     0  startup_lpc11xx.o(.text)
    WAKEUP_IRQHandler                        0x000002e3   Thumb Code     0  startup_lpc11xx.o(.text)
    WDT_IRQHandler                           0x000002e3   Thumb Code     0  startup_lpc11xx.o(.text)
    __scatterload_copy                       0x000002ed   Thumb Code    14  handlers.o(i.__scatterload_copy)
    __scatterload_null                       0x000002fb   Thumb Code     2  handlers.o(i.__scatterload_null)
    I2C_IRQHandler                           0x00000301   Thumb Code   428  i2c.o(.text)
    I2CStart                                 0x000004ad   Thumb Code    42  i2c.o(.text)
    I2CStop                                  0x000004d7   Thumb Code    30  i2c.o(.text)
    I2CInit                                  0x000004f5   Thumb Code   120  i2c.o(.text)
    I2CEngine                                0x0000056d   Thumb Code    74  i2c.o(.text)
    SystemCoreClockUpdate                    0x000005e9   Thumb Code   368  system_lpc11xx.o(.text)
    SystemInit                               0x00000759   Thumb Code   136  system_lpc11xx.o(.text)
    __aeabi_uidiv                            0x0000082d   Thumb Code     0  uidiv.o(.text)
    __aeabi_uidivmod                         0x0000082d   Thumb Code    44  uidiv.o(.text)
    __scatterload                            0x00000859   Thumb Code    28  init.o(.text)
    __scatterload_rt2                        0x00000859   Thumb Code     0  init.o(.text)
    __ARM_common_switch8                     0x0000087d   Thumb Code    28  i2c.o(i.__ARM_common_switch8)
    __scatterload_zeroinit                   0x00000899   Thumb Code    14  handlers.o(i.__scatterload_zeroinit)
    Region$$Table$$Base                      0x000008a8   Number         0  anon$$obj.o(Region$$Table)
    Region$$Table$$Limit                     0x000008b8   Number         0  anon$$obj.o(Region$$Table)
    I2CMasterState                           0x10000000   Data           4  i2c.o(.data)
    I2CSlaveState                            0x10000004   Data           4  i2c.o(.data)
    timeout                                  0x10000008   Data           4  i2c.o(.data)
    I2CCount                                 0x1000000c   Data           4  i2c.o(.data)
    I2CReadLength                            0x10000010   Data           4  i2c.o(.data)
    I2CWriteLength                           0x10000014   Data           4  i2c.o(.data)
    RdIndex                                  0x10000018   Data           4  i2c.o(.data)
    WrIndex                                  0x1000001c   Data           4  i2c.o(.data)
    SystemCoreClock                          0x10000020   Data           4  system_lpc11xx.o(.data)
    I2CMasterBuffer                          0x10000024   Data          64  i2c.o(.bss)
    I2CSlaveBuffer                           0x10000064   Data          64  i2c.o(.bss)
    __initial_sp                             0x100002a8   Data           0  startup_lpc11xx.o(STACK)



==============================================================================

Memory Map of the image

  Image Entry point : 0x000000c1

  Load Region LR_IROM1 (Base: 0x00000000, Size: 0x000008dc, Max: 0x00008000, ABSOLUTE)

    Execution Region ER_IROM1 (Base: 0x00000000, Size: 0x000008b8, Max: 0x00008000, ABSOLUTE)

    Base Addr    Size         Type   Attr      Idx    E Section Name        Object

    0x00000000   0x000000c0   Data   RO           97    RESET               startup_lpc11xx.o
    0x000000c0   0x00000000   Code   RO          106  * .ARM.Collect$$$$00000000  mc_p.l(entry.o)
    0x000000c0   0x00000004   Code   RO          111    .ARM.Collect$$$$00000001  mc_p.l(entry2.o)
    0x000000c4   0x00000004   Code   RO          114    .ARM.Collect$$$$00000004  mc_p.l(entry5.o)
    0x000000c8   0x00000000   Code   RO          116    .ARM.Collect$$$$00000008  mc_p.l(entry7b.o)
    0x000000c8   0x00000000   Code   RO          118    .ARM.Collect$$$$0000000A  mc_p.l(entry8b.o)
    0x000000c8   0x00000008   Code   RO          119    .ARM.Collect$$$$0000000B  mc_p.l(entry9a.o)
    0x000000d0   0x00000000   Code   RO          121    .ARM.Collect$$$$0000000D  mc_p.l(entry10a.o)
    0x000000d0   0x00000000   Code   RO          123    .ARM.Collect$$$$0000000F  mc_p.l(entry11a.o)
    0x000000d0   0x00000004   Code   RO          112    .ARM.Collect$$$$00002712  mc_p.l(entry2.o)
    0x000000d4   0x00000080   Code   RO           40    .text               i2ctest.o
    0x00000154   0x0000017c   Code   RO           59    .text               gpio.o
    0x000002d0   0x0000001c   Code   RO           99    .text               startup_lpc11xx.o
    0x000002ec   0x0000000e   Code   RO          129    i.__scatterload_copy  mc_p.l(handlers.o)
    0x000002fa   0x00000002   Code   RO          130    i.__scatterload_null  mc_p.l(handlers.o)
    0x000002fc   0x00000004   Code   RO           98    .ARM.__at_0x02FC    startup_lpc11xx.o
    0x00000300   0x000002e8   Code   RO            1    .text               i2c.o
    0x000005e8   0x00000244   Code   RO           77    .text               system_lpc11xx.o
    0x0000082c   0x0000002c   Code   RO          109    .text               mc_p.l(uidiv.o)
    0x00000858   0x00000024   Code   RO          125    .text               mc_p.l(init.o)
    0x0000087c   0x0000001c   Code   RO           15    i.__ARM_common_switch8  i2c.o
    0x00000898   0x0000000e   Code   RO          131    i.__scatterload_zeroinit  mc_p.l(handlers.o)
    0x000008a6   0x00000002   PAD
    0x000008a8   0x00000010   Data   RO          127    Region$$Table       anon$$obj.o


    Execution Region RW_IRAM1 (Base: 0x10000000, Size: 0x000002a8, Max: 0x00002000, ABSOLUTE, UNINIT)

    Base Addr    Size         Type   Attr      Idx    E Section Name        Object

    0x10000000   0x00000020   Data   RW            3    .data               i2c.o
    0x10000020   0x00000004   Data   RW           78    .data               system_lpc11xx.o
    0x10000024   0x00000080   Zero   RW            2    .bss                i2c.o
    0x100000a4   0x00000004   PAD
    0x100000a8   0x00000200   Zero   RW           95    STACK               startup_lpc11xx.o


==============================================================================

Image component sizes


      Code (inc. data)   RO Data    RW Data    ZI Data      Debug   Object Name

       380         42          0          0          0       1313   gpio.o
       772         64          0         32        128      17176   i2c.o
       128         12          0          0          0        491   i2ctest.o
        32         12        192          0        512        812   startup_lpc11xx.o
       580         94          0          4          0       2141   system_lpc11xx.o

    ----------------------------------------------------------------------
      1892        224        208         36        644      21933   Object Totals
         0          0         16          0          0          0   (incl. Generated)
         0          0          0          0          4          0   (incl. Padding)

    ----------------------------------------------------------------------

      Code (inc. data)   RO Data    RW Data    ZI Data      Debug   Library Member Name

         0          0          0          0          0          0   entry.o
         0          0          0          0          0          0   entry10a.o
         0          0          0          0          0          0   entry11a.o
         8          4          0          0          0          0   entry2.o
         4          0          0          0          0          0   entry5.o
         0          0          0          0          0          0   entry7b.o
         0          0          0          0          0          0   entry8b.o
         8          4          0          0          0          0   entry9a.o
        30          0          0          0          0          0   handlers.o
        36          8          0          0          0         68   init.o
        44          0          0          0          0         72   uidiv.o

    ----------------------------------------------------------------------
       132         16          0          0          0        140   Library Totals
         2          0          0          0          0          0   (incl. Padding)

    ----------------------------------------------------------------------

      Code (inc. data)   RO Data    RW Data    ZI Data      Debug   Library Name

       130         16          0          0          0        140   mc_p.l

    ----------------------------------------------------------------------
       132         16          0          0          0        140   Library Totals

    ----------------------------------------------------------------------

==============================================================================


      Code (inc. data)   RO Data    RW Data    ZI Data      Debug   

      2024        240        208         36        644      22005   Grand Totals
      2024        240        208         36        644      22005   ELF Image Totals
      2024        240        208         36          0          0   ROM Totals

==============================================================================

    Total RO  Size (Code + RO Data)                 2232 (   2.18kB)
    Total RW  Size (RW Data + ZI Data)               680 (   0.66kB)
    Total ROM Size (Code + RO Data + RW Data)       2268 (   2.21kB)

==============================================================================

